@main {
  v: int = const 4;
  x_1: int = const 2;
  x_2: int = call @add v x_1;
  x: int = call @add x_2 w;
  y: int = id x_1;
  print x;
}
@add(a: int, b: int): int {
  ab: int = add a b;
  ret ab;
}
