pow
{0: [1, 2], 1: [], 2: [3, 4], 3: [], 4: [], 5: [], 6: []}
mod
{0: [], 1: []}
LEFTSHIFT
{0: [], 1: []}
RIGHTSHIFT
{0: [], 1: []}
main
{0: [], 1: []}
