mod2
{0: [], 1: []}
loop_subroutine
{0: [1], 1: [2, 7], 2: [3, 4], 3: [], 4: [5, 6], 5: [], 6: [], 7: [], 8: []}
OR
{0: [], 1: []}
AND
{0: [], 1: []}
XOR
{0: [], 1: []}
main
{0: [1, 2], 1: [3, 4], 2: [], 3: [], 4: [], 5: [], 6: []}
