main
{0: [5], 1: [2, 6], 2: [3, 4], 3: [], 4: [], 5: [1], 6: [], 7: []}
