main
{0: {0}, 1: {0, 1}}
count_path
{0: {0}, 1: {0, 1}, 2: {0, 2}, 3: {0, 2, 3}, 4: {0, 2, 4}, 5: {0, 5}}
