main
{0: [1], 1: [2], 2: [3, 4], 3: [], 4: [5], 5: [], 6: []}
is_single_digit
{0: [], 1: []}
peel_last_digit
{0: [], 1: []}
