main
{0: [], 1: []}
mod
{0: [], 1: []}
gcd
{0: [1], 1: [2, 3], 2: [], 3: [], 4: []}
