main
{
  "b1": [],
  "final": []
}
fitsInside
{
  "b1": [],
  "final": []
}
