main
{0: {0}, 1: {0, 1}}
fitsInside
{0: {0}, 1: {0, 1}}
