lsb
{0: [], 1: []}
hamm_lsb
{0: [1, 2], 1: [], 2: [], 3: []}
main
{0: [1], 1: [2, 3], 2: [], 3: [], 4: []}
