hanoi
{0: {0}, 1: {0, 1}, 2: {0, 2}, 3: {0, 2, 3}}
main
{0: {0}, 1: {0, 1}}
