hanoi
{
  "b1": [],
  "else": [],
  "final": [],
  "then": [
    "else"
  ]
}
main
{
  "b1": [],
  "final": []
}
