main
{0: [], 1: []}
is_decreasing
{0: [1], 1: [2], 2: [3, 5], 3: [], 5: [6], 6: [], 7: [], 8: []}
last_digit
{0: [], 1: []}
