main
{0: {0}, 1: {0, 1}, 2: {0, 2}, 3: {0, 3}, 4: {0, 3, 4}, 5: {0, 3, 4, 5}, 6: {0, 3, 4, 6}, 7: {0, 3, 4, 5, 7}, 8: {0, 3, 4, 5, 7, 8}}
getMod
{0: {0}, 1: {0, 1}}
