main
{0: [], 1: []}
mod_pow
{0: [1, 2], 1: [], 2: [3], 3: [8, 4], 4: [5, 6], 5: [], 6: [], 7: [], 8: [], 9: []}
mod
{0: [], 1: []}
