abs
{0: [1, 2], 1: [], 2: [], 3: []}
mod
{0: [], 1: []}
gcd
{0: [1], 1: [2, 3], 2: [], 3: [], 4: []}
lcm
{0: [1, 3], 1: [2], 2: [], 3: [], 4: []}
orders
{0: [1], 1: [2, 6], 2: [3, 4], 3: [], 4: [], 5: [], 6: [], 7: []}
main
{0: [], 1: []}
