main
{
  "b1": [],
  "final": []
}
generateNthRow
{
  "b1": [],
  "final": [],
  "for.body.3": [
    "for.cond.3"
  ],
  "for.cond.3": [
    "for.cond.3"
  ],
  "for.end.3": []
}
