main
{0: [], 1: []}
sqrt
{0: [1], 1: [2, 6], 2: [3, 4], 3: [], 4: [5], 5: [], 6: [], 7: []}
quadratic
{0: [], 1: []}
