main
{0: [1, 2], 1: [], 2: [], 3: []}
area
{0: [], 1: []}
