main
{0: {0}, 1: {0, 1}}
mod
{0: {0}, 1: {0, 1}}
gcd
{0: {0}, 1: {0, 1}, 2: {0, 2}, 3: {0, 3}, 4: {0, 3, 4}, 6: {0, 3, 6}, 7: {0, 3, 6, 7}, 9: {0, 9, 3, 6}, 10: {0, 3, 6, 9, 10}, 11: {0, 3, 6, 9, 10, 11}, 12: {0, 3, 12}}
relative_primes
{0: {0}, 1: {0, 1}, 2: {0, 1, 2}, 3: {0, 1, 2, 3}, 4: {0, 1, 2, 4}, 5: {0, 1, 2, 5}, 6: {0, 1, 6}, 7: {0, 1, 6, 7}}
