main
{0: [1], 1: [2, 5], 2: [3, 4], 3: [], 4: [], 5: [], 6: []}
