main
{
  "b1": [],
  "final": []
}
rot
{
  "b1": [],
  "else": [],
  "final": [],
  "if": [
    "else"
  ]
}
