sumOfSquares
{
  "b1": [],
  "final": [],
  "for.body.1": [
    "for.cond.1"
  ],
  "for.cond.1": [
    "for.cond.1"
  ],
  "for.end.1": []
}
squareOfSum
{
  "b1": [],
  "final": [],
  "for.body.1": [
    "for.cond.1"
  ],
  "for.cond.1": [
    "for.cond.1"
  ],
  "for.end.1": []
}
main
{
  "b1": [],
  "final": []
}
