main
{0: {0}, 1: {0, 1}, 2: {0, 1, 2}, 3: {0, 1, 3}, 4: {0, 1, 3, 4}}
mod
{0: {0}, 1: {0, 1}}
