main
{
  "b1": [],
  "final": []
}
sum_by_loop
{
  "b1": [],
  "end": [],
  "final": [],
  "for": [
    "for_start"
  ],
  "for_start": [
    "for_start"
  ]
}
sum_by_formula
{
  "b1": [],
  "final": []
}
