main
{
  "body": [
    "loop"
  ],
  "endif": [
    "loop"
  ],
  "entry": [],
  "exit": [],
  "final": [],
  "loop": [
    "loop"
  ],
  "then": [
    "endif"
  ]
}
