main
{
  "final": [],
  "while.body": [
    "while.cond"
  ],
  "while.cond": [
    "while.cond"
  ],
  "while.finish": []
}
